2026-08-19 10:40:37.459 INFO  [main] c.e.a.AutoEvaluationApplication : Starting AutoEvaluationApplication using Java 21.0.11 with PID 148408 (/home/papaba333/Project/auto-evaluation/target/classes started by papaba333 in /home/papaba333/Project/auto-evaluation)
2026-08-19 10:40:37.461 INFO  [main] c.e.a.AutoEvaluationApplication : The following 1 profile is active: "default"
2026-08-19 10:40:37.862 INFO  [main] o.s.d.r.c.RepositoryConfigurationDelegate : Bootstrapping Spring Data JPA repositories in DEFAULT mode.
2026-08-19 10:40:37.889 INFO  [main] o.s.d.r.c.RepositoryConfigurationDelegate : Finished Spring Data repository scanning in 24 ms. Found 3 JPA repository interfaces.
2026-08-19 10:40:37.890 INFO  [main] o.s.d.r.c.RepositoryConfigurationDelegate : Bootstrapping Spring Data JPA repositories in DEFAULT mode.
2026-08-19 10:40:37.892 INFO  [main] o.s.d.r.c.RepositoryConfigurationDelegate : Finished Spring Data repository scanning in 1 ms. Found 1 JPA repository interface.
2026-08-19 10:40:37.893 INFO  [main] o.s.d.r.c.RepositoryConfigurationDelegate : Bootstrapping Spring Data JPA repositories in DEFAULT mode.
2026-08-19 10:40:37.894 INFO  [main] o.s.d.r.c.RepositoryConfigurationDelegate : Finished Spring Data repository scanning in 1 ms. Found 1 JPA repository interface.
2026-08-19 10:40:38.339 INFO  [main] o.s.b.w.e.tomcat.TomcatWebServer : Tomcat initialized with port 8080 (http)
2026-08-19 10:40:38.344 INFO  [main] o.a.coyote.http11.Http11NioProtocol : Initializing ProtocolHandler ["http-nio-8080"]
2026-08-19 10:40:38.345 INFO  [main] o.a.catalina.core.StandardService : Starting service [Tomcat]
2026-08-19 10:40:38.345 INFO  [main] o.a.catalina.core.StandardEngine : Starting Servlet engine: [Apache Tomcat/10.1.16]
2026-08-19 10:40:38.371 INFO  [main] o.a.c.c.C.[Tomcat].[localhost].[/] : Initializing Spring embedded WebApplicationContext
2026-08-19 10:40:38.372 INFO  [main] o.s.b.w.s.c.ServletWebServerApplicationContext : Root WebApplicationContext: initialization completed in 867 ms
2026-08-19 10:40:38.457 INFO  [main] o.h.jpa.internal.util.LogHelper : HHH000204: Processing PersistenceUnitInfo [name: autoeval]
2026-08-19 10:40:38.480 INFO  [main] org.hibernate.Version : HHH000412: Hibernate ORM core version 6.3.1.Final
2026-08-19 10:40:38.496 INFO  [main] o.h.c.i.RegionFactoryInitiator : HHH000026: Second-level cache disabled
2026-08-19 10:40:38.615 INFO  [main] o.s.o.j.p.SpringPersistenceUnitInfo : No LoadTimeWeaver setup: ignoring JPA class transformer
2026-08-19 10:40:38.627 INFO  [main] com.zaxxer.hikari.HikariDataSource : HikariPool-1 - Starting...
2026-08-19 10:40:38.721 INFO  [main] com.zaxxer.hikari.pool.HikariPool : HikariPool-1 - Added connection com.mysql.cj.jdbc.ConnectionImpl@7da77305
2026-08-19 10:40:38.722 INFO  [main] com.zaxxer.hikari.HikariDataSource : HikariPool-1 - Start completed.
2026-08-19 10:40:38.746 WARN  [main] org.hibernate.orm.deprecation : HHH90000025: MySQLDialect does not need to be specified explicitly using 'hibernate.dialect' (remove the property setting and it will be selected by default)
2026-08-19 10:40:39.097 INFO  [main] o.h.e.t.j.p.i.JtaPlatformInitiator : HHH000489: No JTA platform available (set 'hibernate.transaction.jta.platform' to enable JTA platform integration)
2026-08-19 10:40:39.098 INFO  [main] o.s.o.j.LocalContainerEntityManagerFactoryBean : Initialized JPA EntityManagerFactory for persistence unit 'autoeval'
2026-08-19 10:40:39.106 INFO  [main] o.h.jpa.internal.util.LogHelper : HHH000204: Processing PersistenceUnitInfo [name: csm]
2026-08-19 10:40:39.107 INFO  [main] o.h.c.i.RegionFactoryInitiator : HHH000026: Second-level cache disabled
2026-08-19 10:40:39.119 INFO  [main] o.s.o.j.p.SpringPersistenceUnitInfo : No LoadTimeWeaver setup: ignoring JPA class transformer
2026-08-19 10:40:39.120 INFO  [main] com.zaxxer.hikari.HikariDataSource : HikariPool-2 - Starting...
2026-08-19 10:40:39.124 INFO  [main] com.zaxxer.hikari.pool.HikariPool : HikariPool-2 - Added connection com.mysql.cj.jdbc.ConnectionImpl@74d776fb
2026-08-19 10:40:39.124 INFO  [main] com.zaxxer.hikari.HikariDataSource : HikariPool-2 - Start completed.
2026-08-19 10:40:39.125 WARN  [main] org.hibernate.orm.deprecation : HHH90000025: MySQLDialect does not need to be specified explicitly using 'hibernate.dialect' (remove the property setting and it will be selected by default)
2026-08-19 10:40:39.143 INFO  [main] o.h.e.t.j.p.i.JtaPlatformInitiator : HHH000489: No JTA platform available (set 'hibernate.transaction.jta.platform' to enable JTA platform integration)
2026-08-19 10:40:39.143 INFO  [main] o.s.o.j.LocalContainerEntityManagerFactoryBean : Initialized JPA EntityManagerFactory for persistence unit 'csm'
2026-08-19 10:40:39.148 INFO  [main] o.h.jpa.internal.util.LogHelper : HHH000204: Processing PersistenceUnitInfo [name: pe]
2026-08-19 10:40:39.149 INFO  [main] o.h.c.i.RegionFactoryInitiator : HHH000026: Second-level cache disabled
2026-08-19 10:40:39.155 INFO  [main] o.s.o.j.p.SpringPersistenceUnitInfo : No LoadTimeWeaver setup: ignoring JPA class transformer
2026-08-19 10:40:39.156 INFO  [main] com.zaxxer.hikari.HikariDataSource : HikariPool-3 - Starting...
2026-08-19 10:40:39.159 INFO  [main] com.zaxxer.hikari.pool.HikariPool : HikariPool-3 - Added connection com.mysql.cj.jdbc.ConnectionImpl@4d142b53
2026-08-19 10:40:39.159 INFO  [main] com.zaxxer.hikari.HikariDataSource : HikariPool-3 - Start completed.
2026-08-19 10:40:39.160 WARN  [main] org.hibernate.orm.deprecation : HHH90000025: MySQLDialect does not need to be specified explicitly using 'hibernate.dialect' (remove the property setting and it will be selected by default)
2026-08-19 10:40:39.173 INFO  [main] o.h.e.t.j.p.i.JtaPlatformInitiator : HHH000489: No JTA platform available (set 'hibernate.transaction.jta.platform' to enable JTA platform integration)
2026-08-19 10:40:39.173 INFO  [main] o.s.o.j.LocalContainerEntityManagerFactoryBean : Initialized JPA EntityManagerFactory for persistence unit 'pe'
2026-08-19 10:40:39.358 INFO  [main] o.s.d.j.r.query.QueryEnhancerFactory : Hibernate is in classpath; If applicable, HQL parser will be used.
2026-08-19 10:40:39.799 WARN  [main] o.s.b.a.o.j.JpaBaseConfiguration$JpaWebConfiguration : spring.jpa.open-in-view is enabled by default. Therefore, database queries may be performed during view rendering. Explicitly configure spring.jpa.open-in-view to disable this warning
2026-08-19 10:40:39.892 INFO  [main] o.s.b.a.w.s.WelcomePageHandlerMapping : Adding welcome page: class path resource [static/index.html]
2026-08-19 10:40:39.945 INFO  [main] o.s.s.web.DefaultSecurityFilterChain : Will secure any request with [org.springframework.security.web.session.DisableEncodeUrlFilter@5c9844a4, org.springframework.security.web.context.request.async.WebAsyncManagerIntegrationFilter@3beee525, org.springframework.security.web.context.SecurityContextHolderFilter@de0922c, org.springframework.security.web.header.HeaderWriterFilter@42ff5c92, org.springframework.web.filter.CorsFilter@2324e26c, org.springframework.security.web.authentication.logout.LogoutFilter@34ec33f4, org.springframework.security.web.authentication.UsernamePasswordAuthenticationFilter@37c5e2e6, org.springframework.security.web.savedrequest.RequestCacheAwareFilter@5fb6fdb8, org.springframework.security.web.servletapi.SecurityContextHolderAwareRequestFilter@43e587cd, org.springframework.security.web.authentication.AnonymousAuthenticationFilter@716205f9, org.springframework.security.web.access.ExceptionTranslationFilter@1a5b8f77, org.springframework.security.web.access.intercept.AuthorizationFilter@2088e339]
2026-08-19 10:40:40.035 INFO  [main] o.a.coyote.http11.Http11NioProtocol : Starting ProtocolHandler ["http-nio-8080"]
2026-08-19 10:40:40.046 INFO  [main] o.s.b.w.e.tomcat.TomcatWebServer : Tomcat started on port 8080 (http) with context path ''
2026-08-19 10:40:40.048 INFO  [main] o.s.m.s.b.SimpleBrokerMessageHandler : Starting...
2026-08-19 10:40:40.051 INFO  [main] o.s.m.s.b.SimpleBrokerMessageHandler : BrokerAvailabilityEvent[available=true, SimpleBrokerMessageHandler [org.springframework.messaging.simp.broker.DefaultSubscriptionRegistry@3c3b7825]]
2026-08-19 10:40:40.052 INFO  [main] o.s.m.s.b.SimpleBrokerMessageHandler : Started.
2026-08-19 10:40:40.060 INFO  [main] c.e.a.AutoEvaluationApplication : Started AutoEvaluationApplication in 2.907 seconds (process running for 3.072)
2026-08-19 10:40:40.063 INFO  [MessageBroker-1] c.e.a.job.EvaluationPollingJob : Running evaluation polling job...
2026-08-19 10:40:40.162 WARN  [MessageBroker-1] o.h.e.jdbc.spi.SqlExceptionHelper : SQL Error: 1054, SQLState: 42S22
2026-08-19 10:40:40.163 ERROR [MessageBroker-1] o.h.e.jdbc.spi.SqlExceptionHelper : Unknown column 'tv1_0.created_by' in 'field list'
2026-08-19 10:40:40.166 ERROR [MessageBroker-1] o.s.s.s.TaskUtils$LoggingErrorHandler : Unexpected error occurred in scheduled task
org.springframework.dao.InvalidDataAccessResourceUsageException: JDBC exception executing SQL [select tv1_0.id,tv1_0.convert_priority,tv1_0.created_at,tv1_0.created_by,tv1_0.csm_id,(SELECT COUNT(*) FROM tracked_video_history h WHERE h.tracked_video_id = tv1_0.id),tv1_0.pe_id,tv1_0.score,tv1_0.tracking_status,tv1_0.updated_at,tv1_0.updated_by,tv1_0.video_name from tracked_videos tv1_0 where tv1_0.tracking_status in (?,?)] [Unknown column 'tv1_0.created_by' in 'field list'] [n/a]; SQL [n/a]
	at org.springframework.orm.jpa.vendor.HibernateJpaDialect.convertHibernateAccessException(HibernateJpaDialect.java:277)
	at org.springframework.orm.jpa.vendor.HibernateJpaDialect.translateExceptionIfPossible(HibernateJpaDialect.java:241)
	at org.springframework.orm.jpa.AbstractEntityManagerFactoryBean.translateExceptionIfPossible(AbstractEntityManagerFactoryBean.java:550)
	at org.springframework.dao.support.ChainedPersistenceExceptionTranslator.translateExceptionIfPossible(ChainedPersistenceExceptionTranslator.java:61)
	at org.springframework.dao.support.DataAccessUtils.translateIfNecessary(DataAccessUtils.java:335)
	at org.springframework.dao.support.PersistenceExceptionTranslationInterceptor.invoke(PersistenceExceptionTranslationInterceptor.java:152)
	at org.springframework.aop.framework.ReflectiveMethodInvocation.proceed(ReflectiveMethodInvocation.java:184)
	at org.springframework.data.jpa.repository.support.CrudMethodMetadataPostProcessor$CrudMethodMetadataPopulatingMethodInterceptor.invoke(CrudMethodMetadataPostProcessor.java:135)
	at org.springframework.aop.framework.ReflectiveMethodInvocation.proceed(ReflectiveMethodInvocation.java:184)
	at org.springframework.aop.interceptor.ExposeInvocationInterceptor.invoke(ExposeInvocationInterceptor.java:97)
	at org.springframework.aop.framework.ReflectiveMethodInvocation.proceed(ReflectiveMethodInvocation.java:184)
	at org.springframework.aop.framework.JdkDynamicAopProxy.invoke(JdkDynamicAopProxy.java:249)
	at jdk.proxy2/jdk.proxy2.$Proxy138.findByTrackingStatusIn(Unknown Source)
	at com.example.autoevaluation.job.EvaluationPollingJob.pollEncodingStatus(EvaluationPollingJob.java:43)
	at java.base/jdk.internal.reflect.DirectMethodHandleAccessor.invoke(Unknown Source)
	at java.base/java.lang.reflect.Method.invoke(Unknown Source)
	at org.springframework.scheduling.support.ScheduledMethodRunnable.runInternal(ScheduledMethodRunnable.java:130)
	at org.springframework.scheduling.support.ScheduledMethodRunnable.lambda$run$2(ScheduledMethodRunnable.java:124)
	at io.micrometer.observation.Observation.observe(Observation.java:499)
	at org.springframework.scheduling.support.ScheduledMethodRunnable.run(ScheduledMethodRunnable.java:124)
	at org.springframework.scheduling.support.DelegatingErrorHandlingRunnable.run(DelegatingErrorHandlingRunnable.java:54)
	at java.base/java.util.concurrent.Executors$RunnableAdapter.call(Unknown Source)
	at java.base/java.util.concurrent.FutureTask.runAndReset(Unknown Source)
	at java.base/java.util.concurrent.ScheduledThreadPoolExecutor$ScheduledFutureTask.run(Unknown Source)
	at java.base/java.util.concurrent.ThreadPoolExecutor.runWorker(Unknown Source)
	at java.base/java.util.concurrent.ThreadPoolExecutor$Worker.run(Unknown Source)
	at java.base/java.lang.Thread.run(Unknown Source)
Caused by: org.hibernate.exception.SQLGrammarException: JDBC exception executing SQL [select tv1_0.id,tv1_0.convert_priority,tv1_0.created_at,tv1_0.created_by,tv1_0.csm_id,(SELECT COUNT(*) FROM tracked_video_history h WHERE h.tracked_video_id = tv1_0.id),tv1_0.pe_id,tv1_0.score,tv1_0.tracking_status,tv1_0.updated_at,tv1_0.updated_by,tv1_0.video_name from tracked_videos tv1_0 where tv1_0.tracking_status in (?,?)] [Unknown column 'tv1_0.created_by' in 'field list'] [n/a]
	at org.hibernate.exception.internal.SQLExceptionTypeDelegate.convert(SQLExceptionTypeDelegate.java:66)
	at org.hibernate.exception.internal.StandardSQLExceptionConverter.convert(StandardSQLExceptionConverter.java:58)
	at org.hibernate.engine.jdbc.spi.SqlExceptionHelper.convert(SqlExceptionHelper.java:108)
	at org.hibernate.engine.jdbc.spi.SqlExceptionHelper.convert(SqlExceptionHelper.java:94)
	at org.hibernate.sql.results.jdbc.internal.DeferredResultSetAccess.executeQuery(DeferredResultSetAccess.java:258)
	at org.hibernate.sql.results.jdbc.internal.DeferredResultSetAccess.getResultSet(DeferredResultSetAccess.java:164)
	at org.hibernate.sql.results.jdbc.internal.JdbcValuesResultSetImpl.advanceNext(JdbcValuesResultSetImpl.java:218)
	at org.hibernate.sql.results.jdbc.internal.JdbcValuesResultSetImpl.processNext(JdbcValuesResultSetImpl.java:98)
	at org.hibernate.sql.results.jdbc.internal.AbstractJdbcValues.next(AbstractJdbcValues.java:19)
	at org.hibernate.sql.results.internal.RowProcessingStateStandardImpl.next(RowProcessingStateStandardImpl.java:66)
	at org.hibernate.sql.results.spi.ListResultsConsumer.consume(ListResultsConsumer.java:200)
	at org.hibernate.sql.results.spi.ListResultsConsumer.consume(ListResultsConsumer.java:33)
	at org.hibernate.sql.exec.internal.JdbcSelectExecutorStandardImpl.doExecuteQuery(JdbcSelectExecutorStandardImpl.java:361)
	at org.hibernate.sql.exec.internal.JdbcSelectExecutorStandardImpl.executeQuery(JdbcSelectExecutorStandardImpl.java:168)
	at org.hibernate.sql.exec.internal.JdbcSelectExecutorStandardImpl.list(JdbcSelectExecutorStandardImpl.java:93)
	at org.hibernate.sql.exec.spi.JdbcSelectExecutor.list(JdbcSelectExecutor.java:31)
	at org.hibernate.query.sqm.internal.ConcreteSqmSelectQueryPlan.lambda$new$0(ConcreteSqmSelectQueryPlan.java:109)
	at org.hibernate.query.sqm.internal.ConcreteSqmSelectQueryPlan.withCacheableSqmInterpretation(ConcreteSqmSelectQueryPlan.java:305)
	at org.hibernate.query.sqm.internal.ConcreteSqmSelectQueryPlan.performList(ConcreteSqmSelectQueryPlan.java:246)
	at org.hibernate.query.sqm.internal.QuerySqmImpl.doList(QuerySqmImpl.java:509)
	at org.hibernate.query.spi.AbstractSelectionQuery.list(AbstractSelectionQuery.java:427)
	at org.hibernate.query.Query.getResultList(Query.java:120)
	at java.base/jdk.internal.reflect.DirectMethodHandleAccessor.invoke(Unknown Source)
	at java.base/java.lang.reflect.Method.invoke(Unknown Source)
	at org.springframework.orm.jpa.SharedEntityManagerCreator$DeferredQueryInvocationHandler.invoke(SharedEntityManagerCreator.java:405)
	at jdk.proxy2/jdk.proxy2.$Proxy153.getResultList(Unknown Source)
	at org.springframework.data.jpa.repository.query.JpaQueryExecution$CollectionExecution.doExecute(JpaQueryExecution.java:129)
	at org.springframework.data.jpa.repository.query.JpaQueryExecution.execute(JpaQueryExecution.java:92)
	at org.springframework.data.jpa.repository.query.AbstractJpaQuery.doExecute(AbstractJpaQuery.java:149)
	at org.springframework.data.jpa.repository.query.AbstractJpaQuery.execute(AbstractJpaQuery.java:137)
	at org.springframework.data.repository.core.support.RepositoryMethodInvoker.doInvoke(RepositoryMethodInvoker.java:170)
	at org.springframework.data.repository.core.support.RepositoryMethodInvoker.invoke(RepositoryMethodInvoker.java:158)
	at org.springframework.data.repository.core.support.QueryExecutorMethodInterceptor.doInvoke(QueryExecutorMethodInterceptor.java:164)
	at org.springframework.data.repository.core.support.QueryExecutorMethodInterceptor.invoke(QueryExecutorMethodInterceptor.java:143)
	at org.springframework.aop.framework.ReflectiveMethodInvocation.proceed(ReflectiveMethodInvocation.java:184)
	at org.springframework.data.projection.DefaultMethodInvokingMethodInterceptor.invoke(DefaultMethodInvokingMethodInterceptor.java:70)
	at org.springframework.aop.framework.ReflectiveMethodInvocation.proceed(ReflectiveMethodInvocation.java:184)
	at org.springframework.transaction.interceptor.TransactionInterceptor$1.proceedWithInvocation(TransactionInterceptor.java:123)
	at org.springframework.transaction.interceptor.TransactionAspectSupport.invokeWithinTransaction(TransactionAspectSupport.java:385)
	at org.springframework.transaction.interceptor.TransactionInterceptor.invoke(TransactionInterceptor.java:119)
	at org.springframework.aop.framework.ReflectiveMethodInvocation.proceed(ReflectiveMethodInvocation.java:184)
	at org.springframework.dao.support.PersistenceExceptionTranslationInterceptor.invoke(PersistenceExceptionTranslationInterceptor.java:137)
	... 21 common frames omitted
Caused by: java.sql.SQLSyntaxErrorException: Unknown column 'tv1_0.created_by' in 'field list'
	at com.mysql.cj.jdbc.exceptions.SQLError.createSQLException(SQLError.java:121)
	at com.mysql.cj.jdbc.exceptions.SQLExceptionsMapping.translateException(SQLExceptionsMapping.java:122)
	at com.mysql.cj.jdbc.ClientPreparedStatement.executeInternal(ClientPreparedStatement.java:916)
	at com.mysql.cj.jdbc.ClientPreparedStatement.executeQuery(ClientPreparedStatement.java:972)
	at com.zaxxer.hikari.pool.ProxyPreparedStatement.executeQuery(ProxyPreparedStatement.java:52)
	at com.zaxxer.hikari.pool.HikariProxyPreparedStatement.executeQuery(HikariProxyPreparedStatement.java)
	at org.hibernate.sql.results.jdbc.internal.DeferredResultSetAccess.executeQuery(DeferredResultSetAccess.java:240)
	... 58 common frames omitted
2026-08-19 10:40:41.847 INFO  [http-nio-8080-exec-1] o.a.c.c.C.[Tomcat].[localhost].[/] : Initializing Spring DispatcherServlet 'dispatcherServlet'
2026-08-19 10:40:41.853 WARN  [http-nio-8080-exec-1] o.s.w.s.h.HandlerMappingIntrospector : Cache miss for REQUEST dispatch to '/ws-eval/info' (previous null). Performing CorsConfiguration lookup. This is logged once only at WARN level, and every time at TRACE.
2026-08-19 10:40:41.860 WARN  [http-nio-8080-exec-1] o.s.w.s.h.HandlerMappingIntrospector : Cache miss for REQUEST dispatch to '/ws-eval/info' (previous null). Performing MatchableHandlerMapping lookup. This is logged once only at WARN level, and every time at TRACE.
2026-08-19 10:40:41.884 INFO  [http-nio-8080-exec-2] c.e.a.audit.RequestLoggingFilter : Request [GET] /login.html - User: anonymous - Status: 200 - 9ms
2026-08-19 10:40:42.899 INFO  [http-nio-8080-exec-6] c.e.a.audit.RequestLoggingFilter : Request [GET] /login.html - User: anonymous - Status: 200 - 0ms
2026-08-19 10:40:43.910 INFO  [http-nio-8080-exec-8] c.e.a.audit.RequestLoggingFilter : Request [GET] /login.html - User: anonymous - Status: 200 - 1ms
2026-08-19 10:40:44.920 INFO  [http-nio-8080-exec-10] c.e.a.audit.RequestLoggingFilter : Request [GET] /login.html - User: anonymous - Status: 200 - 1ms
2026-08-19 10:40:45.168 INFO  [MessageBroker-1] c.e.a.job.EvaluationPollingJob : Running evaluation polling job...
2026-08-19 10:40:45.171 WARN  [MessageBroker-1] o.h.e.jdbc.spi.SqlExceptionHelper : SQL Error: 1054, SQLState: 42S22
2026-08-19 10:40:45.171 ERROR [MessageBroker-1] o.h.e.jdbc.spi.SqlExceptionHelper : Unknown column 'tv1_0.created_by' in 'field list'
2026-08-19 10:40:45.171 ERROR [MessageBroker-1] o.s.s.s.TaskUtils$LoggingErrorHandler : Unexpected error occurred in scheduled task
org.springframework.dao.InvalidDataAccessResourceUsageException: JDBC exception executing SQL [select tv1_0.id,tv1_0.convert_priority,tv1_0.created_at,tv1_0.created_by,tv1_0.csm_id,(SELECT COUNT(*) FROM tracked_video_history h WHERE h.tracked_video_id = tv1_0.id),tv1_0.pe_id,tv1_0.score,tv1_0.tracking_status,tv1_0.updated_at,tv1_0.updated_by,tv1_0.video_name from tracked_videos tv1_0 where tv1_0.tracking_status in (?,?)] [Unknown column 'tv1_0.created_by' in 'field list'] [n/a]; SQL [n/a]
	at org.springframework.orm.jpa.vendor.HibernateJpaDialect.convertHibernateAccessException(HibernateJpaDialect.java:277)
	at org.springframework.orm.jpa.vendor.HibernateJpaDialect.translateExceptionIfPossible(HibernateJpaDialect.java:241)
	at org.springframework.orm.jpa.AbstractEntityManagerFactoryBean.translateExceptionIfPossible(AbstractEntityManagerFactoryBean.java:550)
	at org.springframework.dao.support.ChainedPersistenceExceptionTranslator.translateExceptionIfPossible(ChainedPersistenceExceptionTranslator.java:61)
	at org.springframework.dao.support.DataAccessUtils.translateIfNecessary(DataAccessUtils.java:335)
	at org.springframework.dao.support.PersistenceExceptionTranslationInterceptor.invoke(PersistenceExceptionTranslationInterceptor.java:152)
	at org.springframework.aop.framework.ReflectiveMethodInvocation.proceed(ReflectiveMethodInvocation.java:184)
	at org.springframework.data.jpa.repository.support.CrudMethodMetadataPostProcessor$CrudMethodMetadataPopulatingMethodInterceptor.invoke(CrudMethodMetadataPostProcessor.java:135)
	at org.springframework.aop.framework.ReflectiveMethodInvocation.proceed(ReflectiveMethodInvocation.java:184)
	at org.springframework.aop.interceptor.ExposeInvocationInterceptor.invoke(ExposeInvocationInterceptor.java:97)
	at org.springframework.aop.framework.ReflectiveMethodInvocation.proceed(ReflectiveMethodInvocation.java:184)
	at org.springframework.aop.framework.JdkDynamicAopProxy.invoke(JdkDynamicAopProxy.java:249)
	at jdk.proxy2/jdk.proxy2.$Proxy138.findByTrackingStatusIn(Unknown Source)
	at com.example.autoevaluation.job.EvaluationPollingJob.pollEncodingStatus(EvaluationPollingJob.java:43)
	at java.base/jdk.internal.reflect.DirectMethodHandleAccessor.invoke(Unknown Source)
	at java.base/java.lang.reflect.Method.invoke(Unknown Source)
	at org.springframework.scheduling.support.ScheduledMethodRunnable.runInternal(ScheduledMethodRunnable.java:130)
	at org.springframework.scheduling.support.ScheduledMethodRunnable.lambda$run$2(ScheduledMethodRunnable.java:124)
	at io.micrometer.observation.Observation.observe(Observation.java:499)
	at org.springframework.scheduling.support.ScheduledMethodRunnable.run(ScheduledMethodRunnable.java:124)
	at org.springframework.scheduling.support.DelegatingErrorHandlingRunnable.run(DelegatingErrorHandlingRunnable.java:54)
	at java.base/java.util.concurrent.Executors$RunnableAdapter.call(Unknown Source)
	at java.base/java.util.concurrent.FutureTask.runAndReset(Unknown Source)
	at java.base/java.util.concurrent.ScheduledThreadPoolExecutor$ScheduledFutureTask.run(Unknown Source)
	at java.base/java.util.concurrent.ThreadPoolExecutor.runWorker(Unknown Source)
	at java.base/java.util.concurrent.ThreadPoolExecutor$Worker.run(Unknown Source)
	at java.base/java.lang.Thread.run(Unknown Source)
Caused by: org.hibernate.exception.SQLGrammarException: JDBC exception executing SQL [select tv1_0.id,tv1_0.convert_priority,tv1_0.created_at,tv1_0.created_by,tv1_0.csm_id,(SELECT COUNT(*) FROM tracked_video_history h WHERE h.tracked_video_id = tv1_0.id),tv1_0.pe_id,tv1_0.score,tv1_0.tracking_status,tv1_0.updated_at,tv1_0.updated_by,tv1_0.video_name from tracked_videos tv1_0 where tv1_0.tracking_status in (?,?)] [Unknown column 'tv1_0.created_by' in 'field list'] [n/a]
	at org.hibernate.exception.internal.SQLExceptionTypeDelegate.convert(SQLExceptionTypeDelegate.java:66)
	at org.hibernate.exception.internal.StandardSQLExceptionConverter.convert(StandardSQLExceptionConverter.java:58)
	at org.hibernate.engine.jdbc.spi.SqlExceptionHelper.convert(SqlExceptionHelper.java:108)
	at org.hibernate.engine.jdbc.spi.SqlExceptionHelper.convert(SqlExceptionHelper.java:94)
	at org.hibernate.sql.results.jdbc.internal.DeferredResultSetAccess.executeQuery(DeferredResultSetAccess.java:258)
	at org.hibernate.sql.results.jdbc.internal.DeferredResultSetAccess.getResultSet(DeferredResultSetAccess.java:164)
	at org.hibernate.sql.results.jdbc.internal.JdbcValuesResultSetImpl.advanceNext(JdbcValuesResultSetImpl.java:218)
	at org.hibernate.sql.results.jdbc.internal.JdbcValuesResultSetImpl.processNext(JdbcValuesResultSetImpl.java:98)
	at org.hibernate.sql.results.jdbc.internal.AbstractJdbcValues.next(AbstractJdbcValues.java:19)
	at org.hibernate.sql.results.internal.RowProcessingStateStandardImpl.next(RowProcessingStateStandardImpl.java:66)
	at org.hibernate.sql.results.spi.ListResultsConsumer.consume(ListResultsConsumer.java:200)
	at org.hibernate.sql.results.spi.ListResultsConsumer.consume(ListResultsConsumer.java:33)
	at org.hibernate.sql.exec.internal.JdbcSelectExecutorStandardImpl.doExecuteQuery(JdbcSelectExecutorStandardImpl.java:361)
	at org.hibernate.sql.exec.internal.JdbcSelectExecutorStandardImpl.executeQuery(JdbcSelectExecutorStandardImpl.java:168)
	at org.hibernate.sql.exec.internal.JdbcSelectExecutorStandardImpl.list(JdbcSelectExecutorStandardImpl.java:93)
	at org.hibernate.sql.exec.spi.JdbcSelectExecutor.list(JdbcSelectExecutor.java:31)
	at org.hibernate.query.sqm.internal.ConcreteSqmSelectQueryPlan.lambda$new$0(ConcreteSqmSelectQueryPlan.java:109)
	at org.hibernate.query.sqm.internal.ConcreteSqmSelectQueryPlan.withCacheableSqmInterpretation(ConcreteSqmSelectQueryPlan.java:305)
	at org.hibernate.query.sqm.internal.ConcreteSqmSelectQueryPlan.performList(ConcreteSqmSelectQueryPlan.java:246)
	at org.hibernate.query.sqm.internal.QuerySqmImpl.doList(QuerySqmImpl.java:509)
	at org.hibernate.query.spi.AbstractSelectionQuery.list(AbstractSelectionQuery.java:427)
	at org.hibernate.query.Query.getResultList(Query.java:120)
	at java.base/jdk.internal.reflect.DirectMethodHandleAccessor.invoke(Unknown Source)
	at java.base/java.lang.reflect.Method.invoke(Unknown Source)
	at org.springframework.orm.jpa.SharedEntityManagerCreator$DeferredQueryInvocationHandler.invoke(SharedEntityManagerCreator.java:405)
	at jdk.proxy2/jdk.proxy2.$Proxy153.getResultList(Unknown Source)
	at org.springframework.data.jpa.repository.query.JpaQueryExecution$CollectionExecution.doExecute(JpaQueryExecution.java:129)
	at org.springframework.data.jpa.repository.query.JpaQueryExecution.execute(JpaQueryExecution.java:92)
	at org.springframework.data.jpa.repository.query.AbstractJpaQuery.doExecute(AbstractJpaQuery.java:149)
	at org.springframework.data.jpa.repository.query.AbstractJpaQuery.execute(AbstractJpaQuery.java:137)
	at org.springframework.data.repository.core.support.RepositoryMethodInvoker.doInvoke(RepositoryMethodInvoker.java:170)
	at org.springframework.data.repository.core.support.RepositoryMethodInvoker.invoke(RepositoryMethodInvoker.java:158)
	at org.springframework.data.repository.core.support.QueryExecutorMethodInterceptor.doInvoke(QueryExecutorMethodInterceptor.java:164)
	at org.springframework.data.repository.core.support.QueryExecutorMethodInterceptor.invoke(QueryExecutorMethodInterceptor.java:143)
	at org.springframework.aop.framework.ReflectiveMethodInvocation.proceed(ReflectiveMethodInvocation.java:184)
	at org.springframework.data.projection.DefaultMethodInvokingMethodInterceptor.invoke(DefaultMethodInvokingMethodInterceptor.java:70)
	at org.springframework.aop.framework.ReflectiveMethodInvocation.proceed(ReflectiveMethodInvocation.java:184)
	at org.springframework.transaction.interceptor.TransactionInterceptor$1.proceedWithInvocation(TransactionInterceptor.java:123)
	at org.springframework.transaction.interceptor.TransactionAspectSupport.invokeWithinTransaction(TransactionAspectSupport.java:385)
	at org.springframework.transaction.interceptor.TransactionInterceptor.invoke(TransactionInterceptor.java:119)
	at org.springframework.aop.framework.ReflectiveMethodInvocation.proceed(ReflectiveMethodInvocation.java:184)
	at org.springframework.dao.support.PersistenceExceptionTranslationInterceptor.invoke(PersistenceExceptionTranslationInterceptor.java:137)
	... 21 common frames omitted
Caused by: java.sql.SQLSyntaxErrorException: Unknown column 'tv1_0.created_by' in 'field list'
	at com.mysql.cj.jdbc.exceptions.SQLError.createSQLException(SQLError.java:121)
	at com.mysql.cj.jdbc.exceptions.SQLExceptionsMapping.translateException(SQLExceptionsMapping.java:122)
	at com.mysql.cj.jdbc.ClientPreparedStatement.executeInternal(ClientPreparedStatement.java:916)
	at com.mysql.cj.jdbc.ClientPreparedStatement.executeQuery(ClientPreparedStatement.java:972)
	at com.zaxxer.hikari.pool.ProxyPreparedStatement.executeQuery(ProxyPreparedStatement.java:52)
	at com.zaxxer.hikari.pool.HikariProxyPreparedStatement.executeQuery(HikariProxyPreparedStatement.java)
	at org.hibernate.sql.results.jdbc.internal.DeferredResultSetAccess.executeQuery(DeferredResultSetAccess.java:240)
	... 58 common frames omitted
2026-08-19 10:40:45.930 INFO  [http-nio-8080-exec-2] c.e.a.audit.RequestLoggingFilter : Request [GET] /login.html - User: anonymous - Status: 200 - 1ms
2026-08-19 10:40:46.940 INFO  [http-nio-8080-exec-4] c.e.a.audit.RequestLoggingFilter : Request [GET] /login.html - User: anonymous - Status: 200 - 1ms
2026-08-19 10:40:47.948 INFO  [http-nio-8080-exec-6] c.e.a.audit.RequestLoggingFilter : Request [GET] /login.html - User: anonymous - Status: 200 - 0ms
2026-08-19 10:40:48.957 INFO  [http-nio-8080-exec-8] c.e.a.audit.RequestLoggingFilter : Request [GET] /login.html - User: anonymous - Status: 200 - 1ms
2026-08-19 10:40:49.967 INFO  [http-nio-8080-exec-10] c.e.a.audit.RequestLoggingFilter : Request [GET] /login.html - User: anonymous - Status: 200 - 1ms
2026-08-19 10:40:50.171 INFO  [MessageBroker-2] c.e.a.job.EvaluationPollingJob : Running evaluation polling job...
2026-08-19 10:40:50.175 WARN  [MessageBroker-2] o.h.e.jdbc.spi.SqlExceptionHelper : SQL Error: 1054, SQLState: 42S22
2026-08-19 10:40:50.175 ERROR [MessageBroker-2] o.h.e.jdbc.spi.SqlExceptionHelper : Unknown column 'tv1_0.created_by' in 'field list'
2026-08-19 10:40:50.175 ERROR [MessageBroker-2] o.s.s.s.TaskUtils$LoggingErrorHandler : Unexpected error occurred in scheduled task
org.springframework.dao.InvalidDataAccessResourceUsageException: JDBC exception executing SQL [select tv1_0.id,tv1_0.convert_priority,tv1_0.created_at,tv1_0.created_by,tv1_0.csm_id,(SELECT COUNT(*) FROM tracked_video_history h WHERE h.tracked_video_id = tv1_0.id),tv1_0.pe_id,tv1_0.score,tv1_0.tracking_status,tv1_0.updated_at,tv1_0.updated_by,tv1_0.video_name from tracked_videos tv1_0 where tv1_0.tracking_status in (?,?)] [Unknown column 'tv1_0.created_by' in 'field list'] [n/a]; SQL [n/a]
	at org.springframework.orm.jpa.vendor.HibernateJpaDialect.convertHibernateAccessException(HibernateJpaDialect.java:277)
	at org.springframework.orm.jpa.vendor.HibernateJpaDialect.translateExceptionIfPossible(HibernateJpaDialect.java:241)
	at org.springframework.orm.jpa.AbstractEntityManagerFactoryBean.translateExceptionIfPossible(AbstractEntityManagerFactoryBean.java:550)
	at org.springframework.dao.support.ChainedPersistenceExceptionTranslator.translateExceptionIfPossible(ChainedPersistenceExceptionTranslator.java:61)
	at org.springframework.dao.support.DataAccessUtils.translateIfNecessary(DataAccessUtils.java:335)
	at org.springframework.dao.support.PersistenceExceptionTranslationInterceptor.invoke(PersistenceExceptionTranslationInterceptor.java:152)
	at org.springframework.aop.framework.ReflectiveMethodInvocation.proceed(ReflectiveMethodInvocation.java:184)
	at org.springframework.data.jpa.repository.support.CrudMethodMetadataPostProcessor$CrudMethodMetadataPopulatingMethodInterceptor.invoke(CrudMethodMetadataPostProcessor.java:135)
	at org.springframework.aop.framework.ReflectiveMethodInvocation.proceed(ReflectiveMethodInvocation.java:184)
	at org.springframework.aop.interceptor.ExposeInvocationInterceptor.invoke(ExposeInvocationInterceptor.java:97)
	at org.springframework.aop.framework.ReflectiveMethodInvocation.proceed(ReflectiveMethodInvocation.java:184)
	at org.springframework.aop.framework.JdkDynamicAopProxy.invoke(JdkDynamicAopProxy.java:249)
	at jdk.proxy2/jdk.proxy2.$Proxy138.findByTrackingStatusIn(Unknown Source)
	at com.example.autoevaluation.job.EvaluationPollingJob.pollEncodingStatus(EvaluationPollingJob.java:43)
	at java.base/jdk.internal.reflect.DirectMethodHandleAccessor.invoke(Unknown Source)
	at java.base/java.lang.reflect.Method.invoke(Unknown Source)
	at org.springframework.scheduling.support.ScheduledMethodRunnable.runInternal(ScheduledMethodRunnable.java:130)
	at org.springframework.scheduling.support.ScheduledMethodRunnable.lambda$run$2(ScheduledMethodRunnable.java:124)
	at io.micrometer.observation.Observation.observe(Observation.java:499)
	at org.springframework.scheduling.support.ScheduledMethodRunnable.run(ScheduledMethodRunnable.java:124)
	at org.springframework.scheduling.support.DelegatingErrorHandlingRunnable.run(DelegatingErrorHandlingRunnable.java:54)
	at java.base/java.util.concurrent.Executors$RunnableAdapter.call(Unknown Source)
	at java.base/java.util.concurrent.FutureTask.runAndReset(Unknown Source)
	at java.base/java.util.concurrent.ScheduledThreadPoolExecutor$ScheduledFutureTask.run(Unknown Source)
	at java.base/java.util.concurrent.ThreadPoolExecutor.runWorker(Unknown Source)
	at java.base/java.util.concurrent.ThreadPoolExecutor$Worker.run(Unknown Source)
	at java.base/java.lang.Thread.run(Unknown Source)
Caused by: org.hibernate.exception.SQLGrammarException: JDBC exception executing SQL [select tv1_0.id,tv1_0.convert_priority,tv1_0.created_at,tv1_0.created_by,tv1_0.csm_id,(SELECT COUNT(*) FROM tracked_video_history h WHERE h.tracked_video_id = tv1_0.id),tv1_0.pe_id,tv1_0.score,tv1_0.tracking_status,tv1_0.updated_at,tv1_0.updated_by,tv1_0.video_name from tracked_videos tv1_0 where tv1_0.tracking_status in (?,?)] [Unknown column 'tv1_0.created_by' in 'field list'] [n/a]
	at org.hibernate.exception.internal.SQLExceptionTypeDelegate.convert(SQLExceptionTypeDelegate.java:66)
	at org.hibernate.exception.internal.StandardSQLExceptionConverter.convert(StandardSQLExceptionConverter.java:58)
	at org.hibernate.engine.jdbc.spi.SqlExceptionHelper.convert(SqlExceptionHelper.java:108)
	at org.hibernate.engine.jdbc.spi.SqlExceptionHelper.convert(SqlExceptionHelper.java:94)
	at org.hibernate.sql.results.jdbc.internal.DeferredResultSetAccess.executeQuery(DeferredResultSetAccess.java:258)
	at org.hibernate.sql.results.jdbc.internal.DeferredResultSetAccess.getResultSet(DeferredResultSetAccess.java:164)
	at org.hibernate.sql.results.jdbc.internal.JdbcValuesResultSetImpl.advanceNext(JdbcValuesResultSetImpl.java:218)
	at org.hibernate.sql.results.jdbc.internal.JdbcValuesResultSetImpl.processNext(JdbcValuesResultSetImpl.java:98)
	at org.hibernate.sql.results.jdbc.internal.AbstractJdbcValues.next(AbstractJdbcValues.java:19)
	at org.hibernate.sql.results.internal.RowProcessingStateStandardImpl.next(RowProcessingStateStandardImpl.java:66)
	at org.hibernate.sql.results.spi.ListResultsConsumer.consume(ListResultsConsumer.java:200)
	at org.hibernate.sql.results.spi.ListResultsConsumer.consume(ListResultsConsumer.java:33)
	at org.hibernate.sql.exec.internal.JdbcSelectExecutorStandardImpl.doExecuteQuery(JdbcSelectExecutorStandardImpl.java:361)
	at org.hibernate.sql.exec.internal.JdbcSelectExecutorStandardImpl.executeQuery(JdbcSelectExecutorStandardImpl.java:168)
	at org.hibernate.sql.exec.internal.JdbcSelectExecutorStandardImpl.list(JdbcSelectExecutorStandardImpl.java:93)
	at org.hibernate.sql.exec.spi.JdbcSelectExecutor.list(JdbcSelectExecutor.java:31)
	at org.hibernate.query.sqm.internal.ConcreteSqmSelectQueryPlan.lambda$new$0(ConcreteSqmSelectQueryPlan.java:109)
	at org.hibernate.query.sqm.internal.ConcreteSqmSelectQueryPlan.withCacheableSqmInterpretation(ConcreteSqmSelectQueryPlan.java:305)
	at org.hibernate.query.sqm.internal.ConcreteSqmSelectQueryPlan.performList(ConcreteSqmSelectQueryPlan.java:246)
	at org.hibernate.query.sqm.internal.QuerySqmImpl.doList(QuerySqmImpl.java:509)
	at org.hibernate.query.spi.AbstractSelectionQuery.list(AbstractSelectionQuery.java:427)
	at org.hibernate.query.Query.getResultList(Query.java:120)
	at java.base/jdk.internal.reflect.DirectMethodHandleAccessor.invoke(Unknown Source)
	at java.base/java.lang.reflect.Method.invoke(Unknown Source)
	at org.springframework.orm.jpa.SharedEntityManagerCreator$DeferredQueryInvocationHandler.invoke(SharedEntityManagerCreator.java:405)
	at jdk.proxy2/jdk.proxy2.$Proxy153.getResultList(Unknown Source)
	at org.springframework.data.jpa.repository.query.JpaQueryExecution$CollectionExecution.doExecute(JpaQueryExecution.java:129)
	at org.springframework.data.jpa.repository.query.JpaQueryExecution.execute(JpaQueryExecution.java:92)
	at org.springframework.data.jpa.repository.query.AbstractJpaQuery.doExecute(AbstractJpaQuery.java:149)
	at org.springframework.data.jpa.repository.query.AbstractJpaQuery.execute(AbstractJpaQuery.java:137)
	at org.springframework.data.repository.core.support.RepositoryMethodInvoker.doInvoke(RepositoryMethodInvoker.java:170)
	at org.springframework.data.repository.core.support.RepositoryMethodInvoker.invoke(RepositoryMethodInvoker.java:158)
	at org.springframework.data.repository.core.support.QueryExecutorMethodInterceptor.doInvoke(QueryExecutorMethodInterceptor.java:164)
	at org.springframework.data.repository.core.support.QueryExecutorMethodInterceptor.invoke(QueryExecutorMethodInterceptor.java:143)
	at org.springframework.aop.framework.ReflectiveMethodInvocation.proceed(ReflectiveMethodInvocation.java:184)
	at org.springframework.data.projection.DefaultMethodInvokingMethodInterceptor.invoke(DefaultMethodInvokingMethodInterceptor.java:70)
	at org.springframework.aop.framework.ReflectiveMethodInvocation.proceed(ReflectiveMethodInvocation.java:184)
	at org.springframework.transaction.interceptor.TransactionInterceptor$1.proceedWithInvocation(TransactionInterceptor.java:123)
	at org.springframework.transaction.interceptor.TransactionAspectSupport.invokeWithinTransaction(TransactionAspectSupport.java:385)
	at org.springframework.transaction.interceptor.TransactionInterceptor.invoke(TransactionInterceptor.java:119)
	at org.springframework.aop.framework.ReflectiveMethodInvocation.proceed(ReflectiveMethodInvocation.java:184)
	at org.springframework.dao.support.PersistenceExceptionTranslationInterceptor.invoke(PersistenceExceptionTranslationInterceptor.java:137)
	... 21 common frames omitted
Caused by: java.sql.SQLSyntaxErrorException: Unknown column 'tv1_0.created_by' in 'field list'
	at com.mysql.cj.jdbc.exceptions.SQLError.createSQLException(SQLError.java:121)
	at com.mysql.cj.jdbc.exceptions.SQLExceptionsMapping.translateException(SQLExceptionsMapping.java:122)
	at com.mysql.cj.jdbc.ClientPreparedStatement.executeInternal(ClientPreparedStatement.java:916)
	at com.mysql.cj.jdbc.ClientPreparedStatement.executeQuery(ClientPreparedStatement.java:972)
	at com.zaxxer.hikari.pool.ProxyPreparedStatement.executeQuery(ProxyPreparedStatement.java:52)
	at com.zaxxer.hikari.pool.HikariProxyPreparedStatement.executeQuery(HikariProxyPreparedStatement.java)
	at org.hibernate.sql.results.jdbc.internal.DeferredResultSetAccess.executeQuery(DeferredResultSetAccess.java:240)
	... 58 common frames omitted
2026-08-19 10:40:50.977 INFO  [http-nio-8080-exec-2] c.e.a.audit.RequestLoggingFilter : Request [GET] /login.html - User: anonymous - Status: 200 - 0ms
2026-08-19 10:40:53.025 INFO  [http-nio-8080-exec-4] c.e.a.audit.RequestLoggingFilter : Request [GET] /login.html - User: anonymous - Status: 200 - 1ms
2026-08-19 10:40:53.042 INFO  [SpringApplicationShutdownHook] o.s.m.s.b.SimpleBrokerMessageHandler : Stopping...
2026-08-19 10:40:53.042 INFO  [SpringApplicationShutdownHook] o.s.m.s.b.SimpleBrokerMessageHandler : BrokerAvailabilityEvent[available=false, SimpleBrokerMessageHandler [org.springframework.messaging.simp.broker.DefaultSubscriptionRegistry@3c3b7825]]
2026-08-19 10:40:53.042 INFO  [SpringApplicationShutdownHook] o.s.m.s.b.SimpleBrokerMessageHandler : Stopped.
2026-08-19 10:40:53.045 INFO  [SpringApplicationShutdownHook] o.s.o.j.LocalContainerEntityManagerFactoryBean : Closing JPA EntityManagerFactory for persistence unit 'pe'
2026-08-19 10:40:53.046 INFO  [SpringApplicationShutdownHook] com.zaxxer.hikari.HikariDataSource : HikariPool-3 - Shutdown initiated...
2026-08-19 10:40:53.050 INFO  [SpringApplicationShutdownHook] com.zaxxer.hikari.HikariDataSource : HikariPool-3 - Shutdown completed.
2026-08-19 10:40:53.051 INFO  [SpringApplicationShutdownHook] o.s.o.j.LocalContainerEntityManagerFactoryBean : Closing JPA EntityManagerFactory for persistence unit 'csm'
2026-08-19 10:40:53.051 INFO  [SpringApplicationShutdownHook] com.zaxxer.hikari.HikariDataSource : HikariPool-2 - Shutdown initiated...
2026-08-19 10:40:53.052 INFO  [SpringApplicationShutdownHook] com.zaxxer.hikari.HikariDataSource : HikariPool-2 - Shutdown completed.
2026-08-19 10:40:53.052 INFO  [SpringApplicationShutdownHook] o.s.o.j.LocalContainerEntityManagerFactoryBean : Closing JPA EntityManagerFactory for persistence unit 'autoeval'
2026-08-19 10:40:53.052 INFO  [SpringApplicationShutdownHook] com.zaxxer.hikari.HikariDataSource : HikariPool-1 - Shutdown initiated...
2026-08-19 10:40:53.054 INFO  [SpringApplicationShutdownHook] com.zaxxer.hikari.HikariDataSource : HikariPool-1 - Shutdown completed.
